2026-06-11 17:05:12,317 - src.evaluation - WARNING - Semantic similarity computation failed: No module named 'sentence_transformers'. Falling back to token overlap.
2026-06-11 17:05:12,325 - src.evaluation - WARNING - Semantic similarity computation failed: No module named 'sentence_transformers'. Falling back to token overlap.
2026-06-11 17:05:12,325 - src.evaluation - WARNING - Semantic similarity computation failed: No module named 'sentence_transformers'. Falling back to token overlap.
2026-06-11 17:05:12,325 - src.evaluation - WARNING - Semantic similarity computation failed: No module named 'sentence_transformers'. Falling back to token overlap.
2026-06-11 17:05:12,488 - src.monitoring - INFO - {"query_id": 5361080763495993692, "duration": 0.15381741523742676, "event": "query_logged", "logger": "src.monitoring", "level": "info", "timestamp": "2026-06-11T11:35:12.488292Z"}
2026-06-11 17:05:12,491 - src.monitoring - INFO - {"query_length": 3, "duration_ms": 153.81741523742676, "status": "success", "event": "query_processed", "logger": "src.monitoring", "level": "info", "timestamp": "2026-06-11T11:35:12.491573Z"}
2026-06-11 17:05:12,491 - src.monitoring - INFO - {"num_documents": 5, "duration_ms": 53.24101448059082, "avg_score": 0.0, "event": "retrieval_completed", "logger": "src.monitoring", "level": "info", "timestamp": "2026-06-11T11:35:12.491573Z"}
2026-06-11 17:05:12,493 - src.monitoring - INFO - {"answer_length": 22, "duration_ms": 100.57640075683594, "model": "flan-t5-small", "event": "generation_completed", "logger": "src.monitoring", "level": "info", "timestamp": "2026-06-11T11:35:12.493803Z"}
2026-06-11 17:05:12,646 - src.monitoring - INFO - {"query_id": -3140706951488355891, "duration": 0.1513075828552246, "event": "query_logged", "logger": "src.monitoring", "level": "info", "timestamp": "2026-06-11T11:35:12.646107Z"}
2026-06-11 17:05:12,649 - src.monitoring - INFO - {"query_length": 3, "duration_ms": 151.3075828552246, "status": "success", "event": "query_processed", "logger": "src.monitoring", "level": "info", "timestamp": "2026-06-11T11:35:12.649569Z"}
2026-06-11 17:05:12,649 - src.monitoring - INFO - {"num_documents": 5, "duration_ms": 50.81653594970703, "avg_score": 0.0, "event": "retrieval_completed", "logger": "src.monitoring", "level": "info", "timestamp": "2026-06-11T11:35:12.649569Z"}
2026-06-11 17:05:12,649 - src.monitoring - INFO - {"answer_length": 22, "duration_ms": 100.49104690551758, "model": "flan-t5-small", "event": "generation_completed", "logger": "src.monitoring", "level": "info", "timestamp": "2026-06-11T11:35:12.649569Z"}
2026-06-11 17:05:12,803 - src.monitoring - INFO - {"query_id": -1311148634700506894, "duration": 0.15348577499389648, "event": "query_logged", "logger": "src.monitoring", "level": "info", "timestamp": "2026-06-11T11:35:12.803055Z"}
2026-06-11 17:05:12,803 - src.monitoring - INFO - {"query_length": 3, "duration_ms": 153.48577499389648, "status": "success", "event": "query_processed", "logger": "src.monitoring", "level": "info", "timestamp": "2026-06-11T11:35:12.803055Z"}
2026-06-11 17:05:12,803 - src.monitoring - INFO - {"num_documents": 5, "duration_ms": 52.04200744628906, "avg_score": 0.0, "event": "retrieval_completed", "logger": "src.monitoring", "level": "info", "timestamp": "2026-06-11T11:35:12.803055Z"}
2026-06-11 17:05:12,803 - src.monitoring - INFO - {"answer_length": 22, "duration_ms": 101.44376754760742, "model": "flan-t5-small", "event": "generation_completed", "logger": "src.monitoring", "level": "info", "timestamp": "2026-06-11T11:35:12.803055Z"}
2026-06-11 17:24:57,085 - src.evaluation - WARNING - Semantic similarity computation failed: No module named 'sentence_transformers'. Falling back to token overlap.
2026-06-11 17:24:57,085 - src.evaluation - WARNING - Semantic similarity computation failed: No module named 'sentence_transformers'. Falling back to token overlap.
2026-06-11 17:24:57,085 - src.evaluation - WARNING - Semantic similarity computation failed: No module named 'sentence_transformers'. Falling back to token overlap.
2026-06-11 17:24:57,085 - src.evaluation - WARNING - Semantic similarity computation failed: No module named 'sentence_transformers'. Falling back to token overlap.
2026-06-11 17:24:57,251 - src.monitoring - INFO - {"query_id": -4425703906444130766, "duration": 0.15375518798828125, "event": "query_logged", "logger": "src.monitoring", "level": "info", "timestamp": "2026-06-11T11:54:57.251011Z"}
2026-06-11 17:24:57,253 - src.monitoring - INFO - {"query_length": 3, "duration_ms": 153.75518798828125, "status": "success", "event": "query_processed", "logger": "src.monitoring", "level": "info", "timestamp": "2026-06-11T11:54:57.253025Z"}
2026-06-11 17:24:57,253 - src.monitoring - INFO - {"num_documents": 5, "duration_ms": 52.382469177246094, "avg_score": 0.0, "event": "retrieval_completed", "logger": "src.monitoring", "level": "info", "timestamp": "2026-06-11T11:54:57.253025Z"}
2026-06-11 17:24:57,253 - src.monitoring - INFO - {"answer_length": 22, "duration_ms": 101.37271881103516, "model": "flan-t5-small", "event": "generation_completed", "logger": "src.monitoring", "level": "info", "timestamp": "2026-06-11T11:54:57.253025Z"}
2026-06-11 17:24:57,405 - src.monitoring - INFO - {"query_id": -7155669874518178835, "duration": 0.1527419090270996, "event": "query_logged", "logger": "src.monitoring", "level": "info", "timestamp": "2026-06-11T11:54:57.405767Z"}
2026-06-11 17:24:57,405 - src.monitoring - INFO - {"query_length": 3, "duration_ms": 152.7419090270996, "status": "success", "event": "query_processed", "logger": "src.monitoring", "level": "info", "timestamp": "2026-06-11T11:54:57.405767Z"}
2026-06-11 17:24:57,405 - src.monitoring - INFO - {"num_documents": 5, "duration_ms": 52.202701568603516, "avg_score": 0.0, "event": "retrieval_completed", "logger": "src.monitoring", "level": "info", "timestamp": "2026-06-11T11:54:57.405767Z"}
2026-06-11 17:24:57,405 - src.monitoring - INFO - {"answer_length": 22, "duration_ms": 100.5392074584961, "model": "flan-t5-small", "event": "generation_completed", "logger": "src.monitoring", "level": "info", "timestamp": "2026-06-11T11:54:57.405767Z"}
2026-06-11 17:24:57,560 - src.monitoring - INFO - {"query_id": -1395367548979706474, "duration": 0.15432524681091309, "event": "query_logged", "logger": "src.monitoring", "level": "info", "timestamp": "2026-06-11T11:54:57.560092Z"}
2026-06-11 17:24:57,563 - src.monitoring - INFO - {"query_length": 3, "duration_ms": 154.3252468109131, "status": "success", "event": "query_processed", "logger": "src.monitoring", "level": "info", "timestamp": "2026-06-11T11:54:57.563153Z"}
2026-06-11 17:24:57,565 - src.monitoring - INFO - {"num_documents": 5, "duration_ms": 53.73382568359375, "avg_score": 0.0, "event": "retrieval_completed", "logger": "src.monitoring", "level": "info", "timestamp": "2026-06-11T11:54:57.565172Z"}
2026-06-11 17:24:57,565 - src.monitoring - INFO - {"answer_length": 22, "duration_ms": 100.59142112731934, "model": "flan-t5-small", "event": "generation_completed", "logger": "src.monitoring", "level": "info", "timestamp": "2026-06-11T11:54:57.565172Z"}
2026-06-11 22:12:43,969 - src.evaluation - WARNING - Semantic similarity computation failed: No module named 'sentence_transformers'. Falling back to token overlap.
2026-06-11 22:12:43,982 - src.evaluation - WARNING - Semantic similarity computation failed: No module named 'sentence_transformers'. Falling back to token overlap.
2026-06-11 22:12:43,982 - src.evaluation - WARNING - Semantic similarity computation failed: No module named 'sentence_transformers'. Falling back to token overlap.
2026-06-11 22:12:43,984 - src.evaluation - WARNING - Semantic similarity computation failed: No module named 'sentence_transformers'. Falling back to token overlap.
2026-06-11 22:12:44,141 - src.monitoring - INFO - {"query_id": -4432292687293202681, "duration": 0.15279793739318848, "event": "query_logged", "logger": "src.monitoring", "level": "info", "timestamp": "2026-06-11T16:42:44.140960Z"}
2026-06-11 22:12:44,141 - src.monitoring - INFO - {"query_length": 3, "duration_ms": 152.79793739318848, "status": "success", "event": "query_processed", "logger": "src.monitoring", "level": "info", "timestamp": "2026-06-11T16:42:44.141892Z"}
2026-06-11 22:12:44,143 - src.monitoring - INFO - {"num_documents": 5, "duration_ms": 52.422285079956055, "avg_score": 0.0, "event": "retrieval_completed", "logger": "src.monitoring", "level": "info", "timestamp": "2026-06-11T16:42:44.141892Z"}
2026-06-11 22:12:44,143 - src.monitoring - INFO - {"answer_length": 22, "duration_ms": 100.37565231323242, "model": "flan-t5-small", "event": "generation_completed", "logger": "src.monitoring", "level": "info", "timestamp": "2026-06-11T16:42:44.143926Z"}
2026-06-11 22:12:44,295 - src.monitoring - INFO - {"query_id": 2108575141634388173, "duration": 0.15119218826293945, "event": "query_logged", "logger": "src.monitoring", "level": "info", "timestamp": "2026-06-11T16:42:44.295119Z"}
2026-06-11 22:12:44,295 - src.monitoring - INFO - {"query_length": 3, "duration_ms": 151.19218826293945, "status": "success", "event": "query_processed", "logger": "src.monitoring", "level": "info", "timestamp": "2026-06-11T16:42:44.295119Z"}
2026-06-11 22:12:44,297 - src.monitoring - INFO - {"num_documents": 5, "duration_ms": 50.730228424072266, "avg_score": 0.0, "event": "retrieval_completed", "logger": "src.monitoring", "level": "info", "timestamp": "2026-06-11T16:42:44.297129Z"}
2026-06-11 22:12:44,297 - src.monitoring - INFO - {"answer_length": 22, "duration_ms": 100.46195983886719, "model": "flan-t5-small", "event": "generation_completed", "logger": "src.monitoring", "level": "info", "timestamp": "2026-06-11T16:42:44.297129Z"}
2026-06-11 22:12:44,448 - src.monitoring - INFO - {"query_id": -5500821232778609334, "duration": 0.15155816078186035, "event": "query_logged", "logger": "src.monitoring", "level": "info", "timestamp": "2026-06-11T16:42:44.448688Z"}
2026-06-11 22:12:44,448 - src.monitoring - INFO - {"query_length": 3, "duration_ms": 151.55816078186035, "status": "success", "event": "query_processed", "logger": "src.monitoring", "level": "info", "timestamp": "2026-06-11T16:42:44.448688Z"}
2026-06-11 22:12:44,450 - src.monitoring - INFO - {"num_documents": 5, "duration_ms": 51.009178161621094, "avg_score": 0.0, "event": "retrieval_completed", "logger": "src.monitoring", "level": "info", "timestamp": "2026-06-11T16:42:44.450475Z"}
2026-06-11 22:12:44,450 - src.monitoring - INFO - {"answer_length": 22, "duration_ms": 100.54898262023926, "model": "flan-t5-small", "event": "generation_completed", "logger": "src.monitoring", "level": "info", "timestamp": "2026-06-11T16:42:44.450475Z"}
2026-06-11 22:22:57,234 - faiss.loader - INFO - Loading faiss with AVX2 support.
2026-06-11 22:22:57,234 - faiss.loader - INFO - Could not load library with AVX2 support due to:
ModuleNotFoundError("No module named 'faiss.swigfaiss_avx2'")
2026-06-11 22:22:57,234 - faiss.loader - INFO - Loading faiss.
2026-06-11 22:22:57,259 - faiss.loader - INFO - Successfully loaded faiss.
2026-06-11 22:22:57,774 - httpx - INFO - HTTP Request: HEAD https://huggingface.co/cross-encoder/ms-marco-MiniLM-L-6-v2/resolve/main/modules.json "HTTP/1.1 307 Temporary Redirect"
2026-06-11 22:22:58,019 - httpx - INFO - HTTP Request: HEAD https://huggingface.co/cross-encoder/ms-marco-MiniLM-L6-v2/resolve/main/modules.json "HTTP/1.1 404 Not Found"
2026-06-11 22:22:58,024 - huggingface_hub.utils._http - WARNING - Warning: You are sending unauthenticated requests to the HF Hub. Please set a HF_TOKEN to enable higher rate limits and faster downloads.
2026-06-11 22:22:58,076 - sentence_transformers.base.model - INFO - No modules.json found for cross-encoder/ms-marco-MiniLM-L-6-v2, initializing a new CrossEncoder model.
2026-06-11 22:22:58,302 - httpx - INFO - HTTP Request: GET https://huggingface.co/api/models/cross-encoder/ms-marco-MiniLM-L-6-v2 "HTTP/1.1 307 Temporary Redirect"
2026-06-11 22:22:58,565 - httpx - INFO - HTTP Request: GET https://huggingface.co/api/models/cross-encoder/ms-marco-MiniLM-L6-v2 "HTTP/1.1 200 OK"
2026-06-11 22:22:58,794 - httpx - INFO - HTTP Request: HEAD https://huggingface.co/cross-encoder/ms-marco-MiniLM-L-6-v2/resolve/main/config.json "HTTP/1.1 307 Temporary Redirect"
2026-06-11 22:22:59,048 - httpx - INFO - HTTP Request: HEAD https://huggingface.co/cross-encoder/ms-marco-MiniLM-L6-v2/resolve/main/config.json "HTTP/1.1 307 Temporary Redirect"
2026-06-11 22:22:59,070 - httpx - INFO - HTTP Request: HEAD https://huggingface.co/api/resolve-cache/models/cross-encoder/ms-marco-MiniLM-L6-v2/c5ee24cb16019beea0893ab7796b1df96625c6b8/config.json "HTTP/1.1 200 OK"
2026-06-11 22:22:59,329 - httpx - INFO - HTTP Request: HEAD https://huggingface.co/cross-encoder/ms-marco-MiniLM-L-6-v2/resolve/main/adapter_config.json "HTTP/1.1 307 Temporary Redirect"
2026-06-11 22:22:59,587 - httpx - INFO - HTTP Request: HEAD https://huggingface.co/cross-encoder/ms-marco-MiniLM-L6-v2/resolve/main/adapter_config.json "HTTP/1.1 404 Not Found"
2026-06-11 22:22:59,823 - httpx - INFO - HTTP Request: HEAD https://huggingface.co/cross-encoder/ms-marco-MiniLM-L-6-v2/resolve/main/config.json "HTTP/1.1 307 Temporary Redirect"
2026-06-11 22:23:00,048 - httpx - INFO - HTTP Request: HEAD https://huggingface.co/cross-encoder/ms-marco-MiniLM-L6-v2/resolve/main/config.json "HTTP/1.1 307 Temporary Redirect"
2026-06-11 22:23:00,064 - httpx - INFO - HTTP Request: HEAD https://huggingface.co/api/resolve-cache/models/cross-encoder/ms-marco-MiniLM-L6-v2/c5ee24cb16019beea0893ab7796b1df96625c6b8/config.json "HTTP/1.1 200 OK"
2026-06-11 22:23:00,606 - httpx - INFO - HTTP Request: HEAD https://huggingface.co/cross-encoder/ms-marco-MiniLM-L-6-v2/resolve/main/processor_config.json "HTTP/1.1 307 Temporary Redirect"
2026-06-11 22:23:00,841 - httpx - INFO - HTTP Request: HEAD https://huggingface.co/cross-encoder/ms-marco-MiniLM-L6-v2/resolve/main/processor_config.json "HTTP/1.1 404 Not Found"
2026-06-11 22:23:01,069 - httpx - INFO - HTTP Request: HEAD https://huggingface.co/cross-encoder/ms-marco-MiniLM-L-6-v2/resolve/main/preprocessor_config.json "HTTP/1.1 307 Temporary Redirect"
2026-06-11 22:23:01,302 - httpx - INFO - HTTP Request: HEAD https://huggingface.co/cross-encoder/ms-marco-MiniLM-L6-v2/resolve/main/preprocessor_config.json "HTTP/1.1 404 Not Found"
2026-06-11 22:23:01,535 - httpx - INFO - HTTP Request: HEAD https://huggingface.co/cross-encoder/ms-marco-MiniLM-L-6-v2/resolve/main/video_preprocessor_config.json "HTTP/1.1 307 Temporary Redirect"
2026-06-11 22:23:01,759 - httpx - INFO - HTTP Request: HEAD https://huggingface.co/cross-encoder/ms-marco-MiniLM-L6-v2/resolve/main/video_preprocessor_config.json "HTTP/1.1 404 Not Found"
2026-06-11 22:23:01,990 - httpx - INFO - HTTP Request: HEAD https://huggingface.co/cross-encoder/ms-marco-MiniLM-L-6-v2/resolve/main/preprocessor_config.json "HTTP/1.1 307 Temporary Redirect"
2026-06-11 22:23:02,258 - httpx - INFO - HTTP Request: HEAD https://huggingface.co/cross-encoder/ms-marco-MiniLM-L6-v2/resolve/main/preprocessor_config.json "HTTP/1.1 404 Not Found"
2026-06-11 22:23:02,489 - httpx - INFO - HTTP Request: HEAD https://huggingface.co/cross-encoder/ms-marco-MiniLM-L-6-v2/resolve/main/tokenizer_config.json "HTTP/1.1 307 Temporary Redirect"
2026-06-11 22:23:02,779 - httpx - INFO - HTTP Request: HEAD https://huggingface.co/cross-encoder/ms-marco-MiniLM-L6-v2/resolve/main/tokenizer_config.json "HTTP/1.1 307 Temporary Redirect"
2026-06-11 22:23:02,794 - httpx - INFO - HTTP Request: HEAD https://huggingface.co/api/resolve-cache/models/cross-encoder/ms-marco-MiniLM-L6-v2/c5ee24cb16019beea0893ab7796b1df96625c6b8/tokenizer_config.json "HTTP/1.1 200 OK"
2026-06-11 22:23:03,056 - httpx - INFO - HTTP Request: HEAD https://huggingface.co/cross-encoder/ms-marco-MiniLM-L-6-v2/resolve/main/config.json "HTTP/1.1 307 Temporary Redirect"
2026-06-11 22:23:03,281 - httpx - INFO - HTTP Request: HEAD https://huggingface.co/cross-encoder/ms-marco-MiniLM-L6-v2/resolve/main/config.json "HTTP/1.1 307 Temporary Redirect"
2026-06-11 22:23:03,291 - httpx - INFO - HTTP Request: HEAD https://huggingface.co/api/resolve-cache/models/cross-encoder/ms-marco-MiniLM-L6-v2/c5ee24cb16019beea0893ab7796b1df96625c6b8/config.json "HTTP/1.1 200 OK"
2026-06-11 22:23:03,538 - httpx - INFO - HTTP Request: HEAD https://huggingface.co/cross-encoder/ms-marco-MiniLM-L-6-v2/resolve/main/config.json "HTTP/1.1 307 Temporary Redirect"
2026-06-11 22:23:03,765 - httpx - INFO - HTTP Request: HEAD https://huggingface.co/cross-encoder/ms-marco-MiniLM-L6-v2/resolve/main/config.json "HTTP/1.1 307 Temporary Redirect"
2026-06-11 22:23:03,776 - httpx - INFO - HTTP Request: HEAD https://huggingface.co/api/resolve-cache/models/cross-encoder/ms-marco-MiniLM-L6-v2/c5ee24cb16019beea0893ab7796b1df96625c6b8/config.json "HTTP/1.1 200 OK"
2026-06-11 22:23:04,009 - httpx - INFO - HTTP Request: HEAD https://huggingface.co/cross-encoder/ms-marco-MiniLM-L-6-v2/resolve/main/tokenizer_config.json "HTTP/1.1 307 Temporary Redirect"
2026-06-11 22:23:04,225 - httpx - INFO - HTTP Request: HEAD https://huggingface.co/cross-encoder/ms-marco-MiniLM-L6-v2/resolve/main/tokenizer_config.json "HTTP/1.1 307 Temporary Redirect"
2026-06-11 22:23:04,241 - httpx - INFO - HTTP Request: HEAD https://huggingface.co/api/resolve-cache/models/cross-encoder/ms-marco-MiniLM-L6-v2/c5ee24cb16019beea0893ab7796b1df96625c6b8/tokenizer_config.json "HTTP/1.1 200 OK"
2026-06-11 22:23:04,473 - httpx - INFO - HTTP Request: GET https://huggingface.co/api/models/cross-encoder/ms-marco-MiniLM-L-6-v2/tree/main/additional_chat_templates?recursive=false&expand=false "HTTP/1.1 307 Temporary Redirect"
2026-06-11 22:23:04,703 - httpx - INFO - HTTP Request: GET https://huggingface.co/api/models/cross-encoder/ms-marco-MiniLM-L6-v2/tree/main/additional_chat_templates?recursive=false&expand=false "HTTP/1.1 404 Not Found"
2026-06-11 22:23:04,925 - httpx - INFO - HTTP Request: GET https://huggingface.co/api/models/cross-encoder/ms-marco-MiniLM-L-6-v2/tree/main?recursive=true&expand=false "HTTP/1.1 307 Temporary Redirect"
2026-06-11 22:23:05,156 - httpx - INFO - HTTP Request: GET https://huggingface.co/api/models/cross-encoder/ms-marco-MiniLM-L6-v2/tree/main?recursive=true&expand=false "HTTP/1.1 200 OK"
2026-06-11 22:23:05,456 - httpx - INFO - HTTP Request: HEAD https://huggingface.co/google/flan-t5-small/resolve/main/config.json "HTTP/1.1 307 Temporary Redirect"
2026-06-11 22:23:05,473 - httpx - INFO - HTTP Request: HEAD https://huggingface.co/api/resolve-cache/models/google/flan-t5-small/0fc9ddf78a1e988dac52e2dac162b0ede4fd74ab/config.json "HTTP/1.1 200 OK"
2026-06-11 22:23:05,736 - httpx - INFO - HTTP Request: HEAD https://huggingface.co/google/flan-t5-small/resolve/main/tokenizer_config.json "HTTP/1.1 307 Temporary Redirect"
2026-06-11 22:23:05,749 - httpx - INFO - HTTP Request: HEAD https://huggingface.co/api/resolve-cache/models/google/flan-t5-small/0fc9ddf78a1e988dac52e2dac162b0ede4fd74ab/tokenizer_config.json "HTTP/1.1 200 OK"
2026-06-11 22:23:05,991 - httpx - INFO - HTTP Request: GET https://huggingface.co/api/models/google/flan-t5-small/tree/main/additional_chat_templates?recursive=false&expand=false "HTTP/1.1 404 Not Found"
2026-06-11 22:23:06,226 - httpx - INFO - HTTP Request: GET https://huggingface.co/api/models/google/flan-t5-small/tree/main?recursive=true&expand=false "HTTP/1.1 200 OK"
2026-06-11 22:23:07,267 - httpx - INFO - HTTP Request: HEAD https://huggingface.co/google/flan-t5-small/resolve/main/config.json "HTTP/1.1 307 Temporary Redirect"
2026-06-11 22:23:07,280 - httpx - INFO - HTTP Request: HEAD https://huggingface.co/api/resolve-cache/models/google/flan-t5-small/0fc9ddf78a1e988dac52e2dac162b0ede4fd74ab/config.json "HTTP/1.1 200 OK"
2026-06-11 22:23:07,843 - httpx - INFO - HTTP Request: HEAD https://huggingface.co/google/flan-t5-small/resolve/main/generation_config.json "HTTP/1.1 307 Temporary Redirect"
2026-06-11 22:23:07,859 - httpx - INFO - HTTP Request: HEAD https://huggingface.co/api/resolve-cache/models/google/flan-t5-small/0fc9ddf78a1e988dac52e2dac162b0ede4fd74ab/generation_config.json "HTTP/1.1 200 OK"
2026-06-11 22:23:24,561 - src.monitoring - INFO - {"query_id": 2514996264473771821, "duration": 4.735660791397095, "event": "query_logged", "logger": "src.monitoring", "level": "info", "timestamp": "2026-06-11T16:53:24.560478Z"}
2026-06-11 22:23:24,562 - src.monitoring - INFO - {"query_length": 4, "duration_ms": 4735.660791397095, "status": "success", "event": "query_processed", "logger": "src.monitoring", "level": "info", "timestamp": "2026-06-11T16:53:24.562143Z"}
2026-06-11 22:23:24,564 - src.monitoring - INFO - {"num_documents": 2, "duration_ms": 553.8413524627686, "avg_score": 0.0, "event": "retrieval_completed", "logger": "src.monitoring", "level": "info", "timestamp": "2026-06-11T16:53:24.564158Z"}
2026-06-11 22:23:24,564 - src.monitoring - INFO - {"answer_length": 285, "duration_ms": 4181.819438934326, "model": "flan-t5-small", "event": "generation_completed", "logger": "src.monitoring", "level": "info", "timestamp": "2026-06-11T16:53:24.564670Z"}
2026-06-11 22:23:45,973 - src.monitoring - INFO - {"query_id": -6528601783441444159, "duration": 4.080534934997559, "event": "query_logged", "logger": "src.monitoring", "level": "info", "timestamp": "2026-06-11T16:53:45.965453Z"}
2026-06-11 22:23:45,973 - src.monitoring - INFO - {"query_length": 6, "duration_ms": 4080.5349349975586, "status": "success", "event": "query_processed", "logger": "src.monitoring", "level": "info", "timestamp": "2026-06-11T16:53:45.973270Z"}
2026-06-11 22:23:45,973 - src.monitoring - INFO - {"num_documents": 2, "duration_ms": 676.8720149993896, "avg_score": 0.0, "event": "retrieval_completed", "logger": "src.monitoring", "level": "info", "timestamp": "2026-06-11T16:53:45.973270Z"}
2026-06-11 22:23:45,973 - src.monitoring - INFO - {"answer_length": 221, "duration_ms": 3403.662919998169, "model": "flan-t5-small", "event": "generation_completed", "logger": "src.monitoring", "level": "info", "timestamp": "2026-06-11T16:53:45.973270Z"}
2026-06-11 22:24:43,308 - src.monitoring - INFO - {"query_id": 1351191096018979921, "duration": 33.043115854263306, "event": "query_logged", "logger": "src.monitoring", "level": "info", "timestamp": "2026-06-11T16:54:43.308789Z"}
2026-06-11 22:24:43,309 - src.monitoring - INFO - {"query_length": 3, "duration_ms": 33043.115854263306, "status": "success", "event": "query_processed", "logger": "src.monitoring", "level": "info", "timestamp": "2026-06-11T16:54:43.309302Z"}
2026-06-11 22:24:43,309 - src.monitoring - INFO - {"num_documents": 2, "duration_ms": 601.0251045227051, "avg_score": 0.0, "event": "retrieval_completed", "logger": "src.monitoring", "level": "info", "timestamp": "2026-06-11T16:54:43.309302Z"}
2026-06-11 22:24:43,309 - src.monitoring - INFO - {"answer_length": 2245, "duration_ms": 32442.0907497406, "model": "flan-t5-small", "event": "generation_completed", "logger": "src.monitoring", "level": "info", "timestamp": "2026-06-11T16:54:43.309302Z"}
2026-06-11 22:25:10,503 - src.monitoring - INFO - {"query_id": 2514996264473771821, "duration": 4.305691242218018, "event": "query_logged", "logger": "src.monitoring", "level": "info", "timestamp": "2026-06-11T16:55:10.503726Z"}
2026-06-11 22:25:10,518 - src.monitoring - INFO - {"query_length": 4, "duration_ms": 4305.691242218018, "status": "success", "event": "query_processed", "logger": "src.monitoring", "level": "info", "timestamp": "2026-06-11T16:55:10.518223Z"}
2026-06-11 22:25:10,520 - src.monitoring - INFO - {"num_documents": 2, "duration_ms": 623.321533203125, "avg_score": 0.0, "event": "retrieval_completed", "logger": "src.monitoring", "level": "info", "timestamp": "2026-06-11T16:55:10.520146Z"}
2026-06-11 22:25:10,520 - src.monitoring - INFO - {"answer_length": 285, "duration_ms": 3682.3697090148926, "model": "flan-t5-small", "event": "generation_completed", "logger": "src.monitoring", "level": "info", "timestamp": "2026-06-11T16:55:10.520146Z"}
2026-06-11 22:56:07,942 - faiss.loader - INFO - Loading faiss with AVX2 support.
2026-06-11 22:56:07,942 - faiss.loader - INFO - Could not load library with AVX2 support due to:
ModuleNotFoundError("No module named 'faiss.swigfaiss_avx2'")
2026-06-11 22:56:07,942 - faiss.loader - INFO - Loading faiss.
2026-06-11 22:56:07,974 - faiss.loader - INFO - Successfully loaded faiss.
2026-06-11 22:56:08,654 - httpx - INFO - HTTP Request: HEAD https://huggingface.co/cross-encoder/ms-marco-MiniLM-L-6-v2/resolve/main/modules.json "HTTP/1.1 307 Temporary Redirect"
2026-06-11 22:56:08,885 - httpx - INFO - HTTP Request: HEAD https://huggingface.co/cross-encoder/ms-marco-MiniLM-L6-v2/resolve/main/modules.json "HTTP/1.1 404 Not Found"
2026-06-11 22:56:08,886 - sentence_transformers.base.model - INFO - No modules.json found for cross-encoder/ms-marco-MiniLM-L-6-v2, initializing a new CrossEncoder model.
2026-06-11 22:56:09,119 - httpx - INFO - HTTP Request: GET https://huggingface.co/api/models/cross-encoder/ms-marco-MiniLM-L-6-v2 "HTTP/1.1 307 Temporary Redirect"
2026-06-11 22:56:09,348 - httpx - INFO - HTTP Request: GET https://huggingface.co/api/models/cross-encoder/ms-marco-MiniLM-L6-v2 "HTTP/1.1 200 OK"
2026-06-11 22:56:09,584 - httpx - INFO - HTTP Request: HEAD https://huggingface.co/cross-encoder/ms-marco-MiniLM-L-6-v2/resolve/main/config.json "HTTP/1.1 307 Temporary Redirect"
2026-06-11 22:56:09,866 - httpx - INFO - HTTP Request: HEAD https://huggingface.co/cross-encoder/ms-marco-MiniLM-L6-v2/resolve/main/config.json "HTTP/1.1 307 Temporary Redirect"
2026-06-11 22:56:09,880 - httpx - INFO - HTTP Request: HEAD https://huggingface.co/api/resolve-cache/models/cross-encoder/ms-marco-MiniLM-L6-v2/c5ee24cb16019beea0893ab7796b1df96625c6b8/config.json "HTTP/1.1 200 OK"
2026-06-11 22:56:10,147 - httpx - INFO - HTTP Request: HEAD https://huggingface.co/cross-encoder/ms-marco-MiniLM-L-6-v2/resolve/main/adapter_config.json "HTTP/1.1 307 Temporary Redirect"
2026-06-11 22:56:10,387 - httpx - INFO - HTTP Request: HEAD https://huggingface.co/cross-encoder/ms-marco-MiniLM-L6-v2/resolve/main/adapter_config.json "HTTP/1.1 404 Not Found"
2026-06-11 22:56:10,388 - huggingface_hub.utils._http - WARNING - Warning: You are sending unauthenticated requests to the HF Hub. Please set a HF_TOKEN to enable higher rate limits and faster downloads.
2026-06-11 22:56:10,612 - httpx - INFO - HTTP Request: HEAD https://huggingface.co/cross-encoder/ms-marco-MiniLM-L-6-v2/resolve/main/config.json "HTTP/1.1 307 Temporary Redirect"
2026-06-11 22:56:10,835 - httpx - INFO - HTTP Request: HEAD https://huggingface.co/cross-encoder/ms-marco-MiniLM-L6-v2/resolve/main/config.json "HTTP/1.1 307 Temporary Redirect"
2026-06-11 22:56:10,856 - httpx - INFO - HTTP Request: HEAD https://huggingface.co/api/resolve-cache/models/cross-encoder/ms-marco-MiniLM-L6-v2/c5ee24cb16019beea0893ab7796b1df96625c6b8/config.json "HTTP/1.1 200 OK"
2026-06-11 22:56:11,287 - httpx - INFO - HTTP Request: HEAD https://huggingface.co/cross-encoder/ms-marco-MiniLM-L-6-v2/resolve/main/processor_config.json "HTTP/1.1 307 Temporary Redirect"
2026-06-11 22:56:11,527 - httpx - INFO - HTTP Request: HEAD https://huggingface.co/cross-encoder/ms-marco-MiniLM-L6-v2/resolve/main/processor_config.json "HTTP/1.1 404 Not Found"
2026-06-11 22:56:11,760 - httpx - INFO - HTTP Request: HEAD https://huggingface.co/cross-encoder/ms-marco-MiniLM-L-6-v2/resolve/main/preprocessor_config.json "HTTP/1.1 307 Temporary Redirect"
2026-06-11 22:56:11,995 - httpx - INFO - HTTP Request: HEAD https://huggingface.co/cross-encoder/ms-marco-MiniLM-L6-v2/resolve/main/preprocessor_config.json "HTTP/1.1 404 Not Found"
2026-06-11 22:56:12,227 - httpx - INFO - HTTP Request: HEAD https://huggingface.co/cross-encoder/ms-marco-MiniLM-L-6-v2/resolve/main/video_preprocessor_config.json "HTTP/1.1 307 Temporary Redirect"
2026-06-11 22:56:12,455 - httpx - INFO - HTTP Request: HEAD https://huggingface.co/cross-encoder/ms-marco-MiniLM-L6-v2/resolve/main/video_preprocessor_config.json "HTTP/1.1 404 Not Found"
2026-06-11 22:56:12,678 - httpx - INFO - HTTP Request: HEAD https://huggingface.co/cross-encoder/ms-marco-MiniLM-L-6-v2/resolve/main/preprocessor_config.json "HTTP/1.1 307 Temporary Redirect"
2026-06-11 22:56:12,899 - httpx - INFO - HTTP Request: HEAD https://huggingface.co/cross-encoder/ms-marco-MiniLM-L6-v2/resolve/main/preprocessor_config.json "HTTP/1.1 404 Not Found"
2026-06-11 22:56:13,132 - httpx - INFO - HTTP Request: HEAD https://huggingface.co/cross-encoder/ms-marco-MiniLM-L-6-v2/resolve/main/tokenizer_config.json "HTTP/1.1 307 Temporary Redirect"
2026-06-11 22:56:13,352 - httpx - INFO - HTTP Request: HEAD https://huggingface.co/cross-encoder/ms-marco-MiniLM-L6-v2/resolve/main/tokenizer_config.json "HTTP/1.1 307 Temporary Redirect"
2026-06-11 22:56:13,367 - httpx - INFO - HTTP Request: HEAD https://huggingface.co/api/resolve-cache/models/cross-encoder/ms-marco-MiniLM-L6-v2/c5ee24cb16019beea0893ab7796b1df96625c6b8/tokenizer_config.json "HTTP/1.1 200 OK"
2026-06-11 22:56:13,600 - httpx - INFO - HTTP Request: HEAD https://huggingface.co/cross-encoder/ms-marco-MiniLM-L-6-v2/resolve/main/config.json "HTTP/1.1 307 Temporary Redirect"
2026-06-11 22:56:13,817 - httpx - INFO - HTTP Request: HEAD https://huggingface.co/cross-encoder/ms-marco-MiniLM-L6-v2/resolve/main/config.json "HTTP/1.1 307 Temporary Redirect"
2026-06-11 22:56:13,829 - httpx - INFO - HTTP Request: HEAD https://huggingface.co/api/resolve-cache/models/cross-encoder/ms-marco-MiniLM-L6-v2/c5ee24cb16019beea0893ab7796b1df96625c6b8/config.json "HTTP/1.1 200 OK"
2026-06-11 22:56:14,065 - httpx - INFO - HTTP Request: HEAD https://huggingface.co/cross-encoder/ms-marco-MiniLM-L-6-v2/resolve/main/config.json "HTTP/1.1 307 Temporary Redirect"
2026-06-11 22:56:14,369 - httpx - INFO - HTTP Request: HEAD https://huggingface.co/cross-encoder/ms-marco-MiniLM-L6-v2/resolve/main/config.json "HTTP/1.1 307 Temporary Redirect"
2026-06-11 22:56:14,385 - httpx - INFO - HTTP Request: HEAD https://huggingface.co/api/resolve-cache/models/cross-encoder/ms-marco-MiniLM-L6-v2/c5ee24cb16019beea0893ab7796b1df96625c6b8/config.json "HTTP/1.1 200 OK"
2026-06-11 22:56:14,630 - httpx - INFO - HTTP Request: HEAD https://huggingface.co/cross-encoder/ms-marco-MiniLM-L-6-v2/resolve/main/tokenizer_config.json "HTTP/1.1 307 Temporary Redirect"
2026-06-11 22:56:14,858 - httpx - INFO - HTTP Request: HEAD https://huggingface.co/cross-encoder/ms-marco-MiniLM-L6-v2/resolve/main/tokenizer_config.json "HTTP/1.1 307 Temporary Redirect"
2026-06-11 22:56:14,878 - httpx - INFO - HTTP Request: HEAD https://huggingface.co/api/resolve-cache/models/cross-encoder/ms-marco-MiniLM-L6-v2/c5ee24cb16019beea0893ab7796b1df96625c6b8/tokenizer_config.json "HTTP/1.1 200 OK"
2026-06-11 22:56:15,118 - httpx - INFO - HTTP Request: GET https://huggingface.co/api/models/cross-encoder/ms-marco-MiniLM-L-6-v2/tree/main/additional_chat_templates?recursive=false&expand=false "HTTP/1.1 307 Temporary Redirect"
2026-06-11 22:56:15,345 - httpx - INFO - HTTP Request: GET https://huggingface.co/api/models/cross-encoder/ms-marco-MiniLM-L6-v2/tree/main/additional_chat_templates?recursive=false&expand=false "HTTP/1.1 404 Not Found"
2026-06-11 22:56:15,569 - httpx - INFO - HTTP Request: GET https://huggingface.co/api/models/cross-encoder/ms-marco-MiniLM-L-6-v2/tree/main?recursive=true&expand=false "HTTP/1.1 307 Temporary Redirect"
2026-06-11 22:56:15,803 - httpx - INFO - HTTP Request: GET https://huggingface.co/api/models/cross-encoder/ms-marco-MiniLM-L6-v2/tree/main?recursive=true&expand=false "HTTP/1.1 200 OK"
2026-06-11 22:56:16,111 - httpx - INFO - HTTP Request: HEAD https://huggingface.co/google/flan-t5-small/resolve/main/config.json "HTTP/1.1 307 Temporary Redirect"
2026-06-11 22:56:16,126 - httpx - INFO - HTTP Request: HEAD https://huggingface.co/api/resolve-cache/models/google/flan-t5-small/0fc9ddf78a1e988dac52e2dac162b0ede4fd74ab/config.json "HTTP/1.1 200 OK"
2026-06-11 22:56:16,361 - httpx - INFO - HTTP Request: HEAD https://huggingface.co/google/flan-t5-small/resolve/main/tokenizer_config.json "HTTP/1.1 307 Temporary Redirect"
2026-06-11 22:56:16,375 - httpx - INFO - HTTP Request: HEAD https://huggingface.co/api/resolve-cache/models/google/flan-t5-small/0fc9ddf78a1e988dac52e2dac162b0ede4fd74ab/tokenizer_config.json "HTTP/1.1 200 OK"
2026-06-11 22:56:16,736 - httpx - INFO - HTTP Request: GET https://huggingface.co/api/models/google/flan-t5-small/tree/main/additional_chat_templates?recursive=false&expand=false "HTTP/1.1 404 Not Found"
2026-06-11 22:56:16,994 - httpx - INFO - HTTP Request: GET https://huggingface.co/api/models/google/flan-t5-small/tree/main?recursive=true&expand=false "HTTP/1.1 200 OK"
2026-06-11 22:56:17,642 - httpx - INFO - HTTP Request: HEAD https://huggingface.co/google/flan-t5-small/resolve/main/config.json "HTTP/1.1 307 Temporary Redirect"
2026-06-11 22:56:17,656 - httpx - INFO - HTTP Request: HEAD https://huggingface.co/api/resolve-cache/models/google/flan-t5-small/0fc9ddf78a1e988dac52e2dac162b0ede4fd74ab/config.json "HTTP/1.1 200 OK"
2026-06-11 22:56:18,175 - httpx - INFO - HTTP Request: HEAD https://huggingface.co/google/flan-t5-small/resolve/main/generation_config.json "HTTP/1.1 307 Temporary Redirect"
2026-06-11 22:56:18,189 - httpx - INFO - HTTP Request: HEAD https://huggingface.co/api/resolve-cache/models/google/flan-t5-small/0fc9ddf78a1e988dac52e2dac162b0ede4fd74ab/generation_config.json "HTTP/1.1 200 OK"
2026-06-11 22:56:54,330 - src.monitoring - INFO - {"query_id": -7711890978014188411, "duration": 4.838059902191162, "event": "query_logged", "logger": "src.monitoring", "level": "info", "timestamp": "2026-06-11T17:26:54.330022Z"}
2026-06-11 22:56:54,331 - src.monitoring - INFO - {"query_length": 4, "duration_ms": 4838.059902191162, "status": "success", "event": "query_processed", "logger": "src.monitoring", "level": "info", "timestamp": "2026-06-11T17:26:54.331849Z"}
2026-06-11 22:56:54,332 - src.monitoring - INFO - {"num_documents": 2, "duration_ms": 512.0506286621094, "avg_score": 0.0, "event": "retrieval_completed", "logger": "src.monitoring", "level": "info", "timestamp": "2026-06-11T17:26:54.332744Z"}
2026-06-11 22:56:54,332 - src.monitoring - INFO - {"answer_length": 244, "duration_ms": 4326.009273529053, "model": "flan-t5-small", "event": "generation_completed", "logger": "src.monitoring", "level": "info", "timestamp": "2026-06-11T17:26:54.332744Z"}
